// Jest Snapshot v1, https://goo.gl/fbAQLP

exports[`Sign Up component should render SignUp component 1`] = `ShallowWrapper {}`;
