// Jest Snapshot v1, https://goo.gl/fbAQLP

exports[`expect to render sign in and sign up page 1`] = `ShallowWrapper {}`;
